============================= test session starts ==============================
platform linux -- Python 3.12.12, pytest-9.0.2, pluggy-1.6.0
rootdir: /app
configfile: pyproject.toml
testpaths: tests
plugins: cov-7.0.0
collected 9 items

tests/e2e/test_cli.py ...                                                [ 33%]
tests/unit/test_config.py ...                                            [ 66%]
tests/unit/test_orchestrator.py ..                                       [ 88%]
tests/unit/test_utils.py ./app/.venv/lib/python3.12/site-packages/coverage/inorout.py:497: CoverageWarning: Module dev_src was never imported. (module-not-imported); see https://coverage.readthedocs.io/en/7.13.1/messages.html#warning-module-not-imported
  self.warn(f"Module {pkg} was never imported.", slug="module-not-imported")
                                               [100%]

================================ tests coverage ================================
_______________ coverage: platform linux, python 3.12.12-final-0 _______________

Name                                               Stmts   Miss  Cover   Missing
--------------------------------------------------------------------------------
src/mlip_autopipec/__init__.py                         0      0   100%
src/mlip_autopipec/config/__init__.py                  2      0   100%
src/mlip_autopipec/config/config_model.py             20      0   100%
src/mlip_autopipec/domain_models/__init__.py           3      0   100%
src/mlip_autopipec/domain_models/structure.py         15      0   100%
src/mlip_autopipec/domain_models/validation.py         8      0   100%
src/mlip_autopipec/infrastructure/__init__.py          2      0   100%
src/mlip_autopipec/infrastructure/mocks.py            34      0   100%
src/mlip_autopipec/interfaces/__init__.py              5      0   100%
src/mlip_autopipec/interfaces/explorer.py              8      1    88%   9
src/mlip_autopipec/interfaces/oracle.py                7      1    86%   8
src/mlip_autopipec/interfaces/trainer.py               8      1    88%   9
src/mlip_autopipec/interfaces/validator.py             7      1    86%   8
src/mlip_autopipec/main.py                            49     13    73%   25-27, 30-32, 41-42, 49-52, 55
src/mlip_autopipec/orchestration/__init__.py           2      0   100%
src/mlip_autopipec/orchestration/orchestrator.py      46      3    93%   30-31, 49
src/mlip_autopipec/utils/__init__.py                   2      0   100%
src/mlip_autopipec/utils/logging.py                   16      0   100%
--------------------------------------------------------------------------------
TOTAL                                                234     20    91%
============================== 9 passed in 2.29s ===============================
